[eduguard-html.netlify.app/index.html]
[backblue.gif]
[fade.gif]
[index.html]
[eduguard-html.netlify.app/dist/images/favicon/favicon.png]
[eduguard-html.netlify.app/dist/main.css]
[eduguard-html.netlify.app/index-2.html]
[eduguard-html.netlify.app/dist/images/logo/logo.png]
[eduguard-html.netlify.app/home-02.html]
[eduguard-html.netlify.app/home-03.html]
[eduguard-html.netlify.app/course-search.html]
[eduguard-html.netlify.app/course-details.html]
[eduguard-html.netlify.app/watch.html]
[eduguard-html.netlify.app/about.html]
[eduguard-html.netlify.app/event-search.html]
[eduguard-html.netlify.app/event.html]
[eduguard-html.netlify.app/students-profile.html]
[eduguard-html.netlify.app/signin.html]
[eduguard-html.netlify.app/signup.html]
[eduguard-html.netlify.app/verify.html]
[eduguard-html.netlify.app/forget-password.html]
[eduguard-html.netlify.app/reset-password.html]
[eduguard-html.netlify.app/instructor-profile.html]
[eduguard-html.netlify.app/become-instructor.html]
[eduguard-html.netlify.app/cart.html]
[eduguard-html.netlify.app/checkout.html]
[eduguard-html.netlify.app/faq.html]
[eduguard-html.netlify.app/404.html]
[eduguard-html.netlify.app/comingsoon.html]
[eduguard-html.netlify.app/dist/images/banner/banner.jpg]
[eduguard-html.netlify.app/contact.html]
[eduguard-html.netlify.app/dist/images/banner/banner-image-01.png]
[eduguard-html.netlify.app/dist/images/shape/dots/dots-img-11.png]
[eduguard-html.netlify.app/dist/images/shape/line01.png]
[eduguard-html.netlify.app/dist/images/courses/demo-img-01.png]
[eduguard-html.netlify.app/dist/images/courses/7.png]
[eduguard-html.netlify.app/dist/images/icon/star.png]
[eduguard-html.netlify.app/dist/images/icon/eye.png]
[eduguard-html.netlify.app/dist/images/icon/book.png]
[eduguard-html.netlify.app/dist/images/icon/Clock.png]
[eduguard-html.netlify.app/dist/images/courses/demo-img-02.png]
[eduguard-html.netlify.app/dist/images/courses/demo-img-03.png]
[eduguard-html.netlify.app/dist/images/courses/demo-img-04.png]
[eduguard-html.netlify.app/dist/images/courses/demo-img-05.png]
[eduguard-html.netlify.app/dist/images/shape/dots/dots-img-12.png]
[eduguard-html.netlify.app/dist/images/shape/triangel.png]
[eduguard-html.netlify.app/dist/images/hero/hero-img-01.jpg]
[eduguard-html.netlify.app/dist/images/shape/l03.png]
[eduguard-html.netlify.app/dist/images/shape/l04.png]
[eduguard-html.netlify.app/dist/images/shape/dots/dots-img-16.png]
[eduguard-html.netlify.app/dist/images/shape/l02.png]
[eduguard-html.netlify.app/dist/images/avatar/avatar-img-01.png]
[eduguard-html.netlify.app/dist/images/shape/line02.png]
[eduguard-html.netlify.app/dist/images/shape/dots/dots-img-13.png]
[eduguard-html.netlify.app/dist/images/versity/1.png]
[eduguard-html.netlify.app/dist/images/versity/2.png]
[eduguard-html.netlify.app/dist/images/versity/3.png]
[eduguard-html.netlify.app/dist/images/versity/4.png]
[eduguard-html.netlify.app/dist/images/versity/5.png]
[eduguard-html.netlify.app/dist/images/instructor/03.jpg]
[eduguard-html.netlify.app/dist/images/instructor/02.jpg]
[eduguard-html.netlify.app/dist/images/instructor/3.jpg]
[eduguard-html.netlify.app/dist/images/instructor/04.jpg]
[eduguard-html.netlify.app/dist/images/instructor/1.png]
[eduguard-html.netlify.app/dist/images/instructor/2.png]
[eduguard-html.netlify.app/dist/images/shape/dots/dots-img-14.png]
[eduguard-html.netlify.app/dist/images/shape/triangel2.png]
[eduguard-html.netlify.app/dist/images/icon/Location.png]
[eduguard-html.netlify.app/dist/images/icon/calendar.png]
[eduguard-html.netlify.app/dist/images/shape/triangel3.png]
[eduguard-html.netlify.app/dist/images/event/image01.png]
[eduguard-html.netlify.app/dist/images/event/image02.png]
[eduguard-html.netlify.app/dist/images/shape/line03.png]
[eduguard-html.netlify.app/dist/images/logo/footerlogo.png]
[eduguard-html.netlify.app/src/js/jquery.min.js]
[eduguard-html.netlify.app/src/js/bootstrap.bundle.min.js]
[eduguard-html.netlify.app/src/scss/vendors/plugin/js/isotope.pkgd.min.js]
[eduguard-html.netlify.app/src/scss/vendors/plugin/js/jquery.magnific-popup.min.js]
[eduguard-html.netlify.app/src/scss/vendors/plugin/js/slick.min.js]
[eduguard-html.netlify.app/src/scss/vendors/plugin/js/jquery.nice-select.min.js]
[eduguard-html.netlify.app/src/js/app.js]
[eduguard-html.netlify.app/index.html]
[eduguard-html.netlify.app/dist/main.css]
[eduguard-html.netlify.app/index-2.html]
[eduguard-html.netlify.app/dist/main.js]
[eduguard-html.netlify.app/dist/images/banner/banner-image-02.png]
[eduguard-html.netlify.app/dist/images/shape/dots/dots-img-01.png]
[eduguard-html.netlify.app/dist/images/shape/rec07.png]
[eduguard-html.netlify.app/dist/images/shape/rec06.png]
[eduguard-html.netlify.app/dist/images/category/1.png]
[eduguard-html.netlify.app/dist/images/category/2.jpg]
[eduguard-html.netlify.app/dist/images/category/3.png]
[eduguard-html.netlify.app/dist/images/category/4.png]
[eduguard-html.netlify.app/dist/images/hero/hero-img-02.png]
[eduguard-html.netlify.app/dist/images/shape/dots/dots-img-04.png]
[eduguard-html.netlify.app/dist/images/shape/rectangle.png]
[eduguard-html.netlify.app/dist/images/join/01.png]
[eduguard-html.netlify.app/dist/images/join/02.png]
[eduguard-html.netlify.app/dist/images/join/03.png]
[eduguard-html.netlify.app/dist/images/join/07.png]
[eduguard-html.netlify.app/dist/images/join/06.png]
[eduguard-html.netlify.app/dist/images/join/08.png]
[eduguard-html.netlify.app/dist/images/join/09.png]
[eduguard-html.netlify.app/dist/images/join/10.png]
[eduguard-html.netlify.app/dist/images/join/11.png]
[eduguard-html.netlify.app/dist/images/join/13.png]
[eduguard-html.netlify.app/dist/images/join/14.png]
[eduguard-html.netlify.app/home-02.html]
[eduguard-html.netlify.app/dist/images/banner/banner-image-03.png]
[eduguard-html.netlify.app/dist/images/icon/clock-2.png]
[eduguard-html.netlify.app/dist/images/instructor/instructor.jpg]
[eduguard-html.netlify.app/dist/images/shape/line.png]
[eduguard-html.netlify.app/dist/images/shape/dots/dots-img-10.png]
[eduguard-html.netlify.app/dist/images/shape/reactangle-2.png]
[eduguard-html.netlify.app/home-03.html]
[eduguard-html.netlify.app/dist/images/ellipse/user.jpg]
[eduguard-html.netlify.app/src/scss/vendors/plugin/css/jquery-ui.css]
[eduguard-html.netlify.app/src/scss/vendors/plugin/js/price_range_script.js]
[eduguard-html.netlify.app/course-search.html]
[eduguard-html.netlify.app/src/scss/vendors/plugin/js/jquery-ui.min.js]
[eduguard-html.netlify.app/dist/images/courses/profile.png]
[eduguard-html.netlify.app/dist/images/courses/thumb.jpg]
[eduguard-html.netlify.app/dist/images/courses/courseinstructor.png]
[eduguard-html.netlify.app/dist/images/courses/8.jpg]
[eduguard-html.netlify.app/dist/images/ellipse/1.png]
[eduguard-html.netlify.app/dist/images/ellipse/2.png]
[eduguard-html.netlify.app/dist/images/ellipse/3.png]
[eduguard-html.netlify.app/dist/images/icon/dollar.png]
[eduguard-html.netlify.app/dist/images/icon/clock-3.png]
[eduguard-html.netlify.app/dist/images/icon/paper-plus.png]
[eduguard-html.netlify.app/dist/images/icon/airplay.png]
[eduguard-html.netlify.app/dist/images/icon/clipboard.png]
[eduguard-html.netlify.app/dist/images/shape/circle5.png]
[eduguard-html.netlify.app/dist/images/shape/dots/dots-img-15.png]
[eduguard-html.netlify.app/course-details.html]
[eduguard-html.netlify.app/src/scss/vendors/plugin/js/jquery.star-rating-svg.js]
[eduguard-html.netlify.app/src/scss/vendors/plugin/css/video-js.css]
[eduguard-html.netlify.app/dist/images/courses/vthumb.jpg]
[eduguard-html.netlify.app/dist/images/courses/video.mp4]
[eduguard-html.netlify.app/instructorreviews.86.delayed]
[eduguard-html.netlify.app/watch.html]
[eduguard-html.netlify.app/dist/images/about/intro.jpg]
[eduguard-html.netlify.app/dist/images/shape/rec04.png]
[eduguard-html.netlify.app/src/scss/vendors/plugin/js/video.min.js]
[eduguard-html.netlify.app/dist/images/shape/dots/dots-img-09.png]
[eduguard-html.netlify.app/about.html]
[eduguard-html.netlify.app/event-search.html]
[eduguard-html.netlify.app/dist/images/event/info.jpg]
[eduguard-html.netlify.app/dist/images/event/speaker01.png]
[eduguard-html.netlify.app/dist/images/event/speaker02.png]
[eduguard-html.netlify.app/dist/images/event/speaker03.png]
[eduguard-html.netlify.app/dist/images/event/speaker04.png]
[eduguard-html.netlify.app/dist/images/event/speaker05.png]
[eduguard-html.netlify.app/dist/images/event/speaker06.png]
[eduguard-html.netlify.app/dist/images/ellipse/5.png]
[eduguard-html.netlify.app/dist/images/shape/circle1.png]
[eduguard-html.netlify.app/event.html]
[eduguard-html.netlify.app/src/scss/vendors/plugin/js/jquery.syotimer.min.js]
[eduguard-html.netlify.app/dist/images/user/user-img-01.jpg]
[eduguard-html.netlify.app/instructorcourses.96.delayed]
[eduguard-html.netlify.app/students-profile.html]
[eduguard-html.netlify.app/dist/images/signup/Illustration.png]
[eduguard-html.netlify.app/dist/images/shape/dots/dots-img-07.png]
[eduguard-html.netlify.app/signin.html]
[eduguard-html.netlify.app/dist/images/shape/dots/dots-img-05.png]
[eduguard-html.netlify.app/signup.html]
[eduguard-html.netlify.app/verify.html]
[eduguard-html.netlify.app/forget-password.html]
[eduguard-html.netlify.app/reset-password.html]
[eduguard-html.netlify.app/instructor-profile.html]
[eduguard-html.netlify.app/dist/images/instructor/become.jpg]
[eduguard-html.netlify.app/dist/images/shape/rec02.png]
[eduguard-html.netlify.app/dist/images/shape/dots/dots-img-06.png]
[eduguard-html.netlify.app/dist/images/instructor/rules.jpg]
[eduguard-html.netlify.app/dist/images/shape/rec03.png]
[eduguard-html.netlify.app/dist/images/shape/dots/dots-img-08.png]
[eduguard-html.netlify.app/dist/images/instructor/info-desk.jpg]
[eduguard-html.netlify.app/dist/images/shape/reactangle-lg.png]
[eduguard-html.netlify.app/dist/images/shape/circle2.png]
[eduguard-html.netlify.app/dist/images/shape/circle3.png]
[eduguard-html.netlify.app/become-instructor.html]
[eduguard-html.netlify.app/dist/images/cart/01.jpg]
[eduguard-html.netlify.app/dist/images/cart/02.jpg]
[eduguard-html.netlify.app/cart.html]
[eduguard-html.netlify.app/dist/images/checkout/01.jpg]
[eduguard-html.netlify.app/dist/images/checkout/02.jpg]
[eduguard-html.netlify.app/checkout.html]
[eduguard-html.netlify.app/faq.html]
[eduguard-html.netlify.app/dist/images/banner/banner-image-04.jpg]
[eduguard-html.netlify.app/dist/images/404/shape01.png]
[eduguard-html.netlify.app/dist/images/404/shape02.png]
[eduguard-html.netlify.app/404.html]
[eduguard-html.netlify.app/dist/images/comingsoon/01.png]
[eduguard-html.netlify.app/dist/images/comingsoon/02.png]
[eduguard-html.netlify.app/dist/images/comingsoon/03.png]
[eduguard-html.netlify.app/dist/images/comingsoon/04.png]
[eduguard-html.netlify.app/comingsoon.html]
[eduguard-html.netlify.app/dist/images/contact/image.jpg]
[eduguard-html.netlify.app/dist/images/shape/dots/dots-img-02.png]
[eduguard-html.netlify.app/dist/images/shape/rec05.png]
[eduguard-html.netlify.app/dist/images/contact/bg.png]
[eduguard-html.netlify.app/dist/images/shape/dots/dots-img-03.png]
[eduguard-html.netlify.app/contact.html]
[eduguard-html.netlify.app/dist/images/join/shape03.svg]
[eduguard-html.netlify.app/dist/images/join/shape04.svg]
[eduguard-html.netlify.app/dist/images/join/shape06.svg]
[eduguard-html.netlify.app/dist/images/join/shape05.svg]
[eduguard-html.netlify.app/dist/images/join/shape07.svg]
[eduguard-html.netlify.app/src/scss/vendors/plugin/css/images/ui-icons_444444_256x240.b6.delayed]
[eduguard-html.netlify.app/src/scss/vendors/plugin/css/images/ui-icons_555555_256x240.b7.delayed]
[eduguard-html.netlify.app/src/scss/vendors/plugin/css/images/ui-icons_ffffff_256x240.b8.delayed]
[eduguard-html.netlify.app/src/scss/vendors/plugin/css/images/ui-icons_777620_256x240.b9.delayed]
[eduguard-html.netlify.app/src/scss/vendors/plugin/css/images/ui-icons_cc0000_256x240.ba.delayed]
[eduguard-html.netlify.app/src/scss/vendors/plugin/css/images/ui-icons_777777_256x240.bb.delayed]
[eduguard-html.netlify.app/src/scss/vendors/plugin/css/jquery-ui.css]
[eduguard-html.netlify.app/src/scss/vendors/plugin/css/star-rating-svg.css]
[eduguard-html.netlify.app/src/scss/vendors/plugin/css/video-js.css]
[eduguard-html.netlify.app/instructorreviews.html]
[eduguard-html.netlify.app/instructorcourses.html]
[eduguard-html.netlify.app/dist/images/shape/plus.svg]
[eduguard-html.netlify.app/dist/images/shape/cross.svg]
[eduguard-html.netlify.app/src/scss/vendors/plugin/css/images/ui-icons_444444_256x240.html]
[eduguard-html.netlify.app/src/scss/vendors/plugin/css/images/ui-icons_555555_256x240.html]
[eduguard-html.netlify.app/src/scss/vendors/plugin/css/images/ui-icons_ffffff_256x240.html]
[eduguard-html.netlify.app/src/scss/vendors/plugin/css/images/ui-icons_777620_256x240.html]
[eduguard-html.netlify.app/src/scss/vendors/plugin/css/images/ui-icons_cc0000_256x240.html]
[eduguard-html.netlify.app/src/scss/vendors/plugin/css/images/ui-icons_777777_256x240.html]
